// Jest Snapshot v1, https://goo.gl/fbAQLP

exports[`PokemonPage Component debe hacer match con  el snapshot cuando carga los pokemon 1`] = `
<div>
  <h1>Quien es este Pokemon???</h1>
  <!--v-if-->
  <pokemon-image-stub pokemonid="1" showpokemon="false"></pokemon-image-stub>
  <pokemon-options-stub pokemons="[object Object],[object Object],[object Object],[object Object]"></pokemon-options-stub><button>Nuevo Juego</button>
</div>
`;

exports[`PokemonPage Component debe hacer match con el snapshot 1`] = `<h1>Cargando ...</h1>`;
