// Jest Snapshot v1, https://goo.gl/fbAQLP

exports[`pokemonImage debe coincidir con el snapshot 1`] = `<div class="pokemon-container"><img class="hidden-pokemon" src="https://raw.githubusercontent.com/PokeAPI/sprites/master/sprites/pokemon/other/dream-world/199.svg" alt="pokemon"></div>`;
